Archive member included to satisfy reference by file (symbol)

c:/avr-gcc-12.1.0-x64-windows/bin/../lib/gcc/avr/12.1.0/avr5\libgcc.a(_exit.o)
                              c:/avr-gcc-12.1.0-x64-windows/bin/../lib/gcc/avr/12.1.0/../../../../avr/lib/avr5/crtatmega16.o (exit)
c:/avr-gcc-12.1.0-x64-windows/bin/../lib/gcc/avr/12.1.0/avr5\libgcc.a(_copy_data.o)
                              ./HAL/KEYPAD4x4/KEYPAD4x4.o (__do_copy_data)
c:/avr-gcc-12.1.0-x64-windows/bin/../lib/gcc/avr/12.1.0/avr5\libgcc.a(_clear_bss.o)
                              ./HAL/KEYPAD4x4/KEYPAD4x4.o (__do_clear_bss)
c:/avr-gcc-12.1.0-x64-windows/bin/../lib/gcc/avr/12.1.0/../../../../avr/lib/avr5\libm.a(cmpsf2.o)
                              ./HAL/LCD16x2/LCD16x2.o (__ltsf2)
c:/avr-gcc-12.1.0-x64-windows/bin/../lib/gcc/avr/12.1.0/../../../../avr/lib/avr5\libm.a(divsf3.o)
                              ./HAL/LCD16x2/LCD16x2.o (__divsf3)
c:/avr-gcc-12.1.0-x64-windows/bin/../lib/gcc/avr/12.1.0/../../../../avr/lib/avr5\libm.a(divsf3x.o)
                              c:/avr-gcc-12.1.0-x64-windows/bin/../lib/gcc/avr/12.1.0/../../../../avr/lib/avr5\libm.a(divsf3.o) (__divsf3x)
c:/avr-gcc-12.1.0-x64-windows/bin/../lib/gcc/avr/12.1.0/../../../../avr/lib/avr5\libm.a(fixunssfsi.o)
                              ./HAL/LCD16x2/LCD16x2.o (__fixunssfsi)
c:/avr-gcc-12.1.0-x64-windows/bin/../lib/gcc/avr/12.1.0/../../../../avr/lib/avr5\libm.a(fp_cmp.o)
                              c:/avr-gcc-12.1.0-x64-windows/bin/../lib/gcc/avr/12.1.0/../../../../avr/lib/avr5\libm.a(cmpsf2.o) (__fp_cmp)
c:/avr-gcc-12.1.0-x64-windows/bin/../lib/gcc/avr/12.1.0/../../../../avr/lib/avr5\libm.a(fp_inf.o)
                              c:/avr-gcc-12.1.0-x64-windows/bin/../lib/gcc/avr/12.1.0/../../../../avr/lib/avr5\libm.a(divsf3x.o) (__fp_inf)
c:/avr-gcc-12.1.0-x64-windows/bin/../lib/gcc/avr/12.1.0/../../../../avr/lib/avr5\libm.a(fp_nan.o)
                              c:/avr-gcc-12.1.0-x64-windows/bin/../lib/gcc/avr/12.1.0/../../../../avr/lib/avr5\libm.a(divsf3x.o) (__fp_nan)
c:/avr-gcc-12.1.0-x64-windows/bin/../lib/gcc/avr/12.1.0/../../../../avr/lib/avr5\libm.a(fp_pscA.o)
                              c:/avr-gcc-12.1.0-x64-windows/bin/../lib/gcc/avr/12.1.0/../../../../avr/lib/avr5\libm.a(divsf3x.o) (__fp_pscA)
c:/avr-gcc-12.1.0-x64-windows/bin/../lib/gcc/avr/12.1.0/../../../../avr/lib/avr5\libm.a(fp_pscB.o)
                              c:/avr-gcc-12.1.0-x64-windows/bin/../lib/gcc/avr/12.1.0/../../../../avr/lib/avr5\libm.a(divsf3x.o) (__fp_pscB)
c:/avr-gcc-12.1.0-x64-windows/bin/../lib/gcc/avr/12.1.0/../../../../avr/lib/avr5\libm.a(fp_round.o)
                              c:/avr-gcc-12.1.0-x64-windows/bin/../lib/gcc/avr/12.1.0/../../../../avr/lib/avr5\libm.a(divsf3.o) (__fp_round)
c:/avr-gcc-12.1.0-x64-windows/bin/../lib/gcc/avr/12.1.0/../../../../avr/lib/avr5\libm.a(fp_split3.o)
                              c:/avr-gcc-12.1.0-x64-windows/bin/../lib/gcc/avr/12.1.0/../../../../avr/lib/avr5\libm.a(divsf3x.o) (__fp_split3)
c:/avr-gcc-12.1.0-x64-windows/bin/../lib/gcc/avr/12.1.0/../../../../avr/lib/avr5\libm.a(fp_zero.o)
                              c:/avr-gcc-12.1.0-x64-windows/bin/../lib/gcc/avr/12.1.0/../../../../avr/lib/avr5\libm.a(fixunssfsi.o) (__fp_zero)
c:/avr-gcc-12.1.0-x64-windows/bin/../lib/gcc/avr/12.1.0/../../../../avr/lib/avr5\libm.a(gesf2.o)
                              ./HAL/LCD16x2/LCD16x2.o (__gtsf2)
c:/avr-gcc-12.1.0-x64-windows/bin/../lib/gcc/avr/12.1.0/../../../../avr/lib/avr5\libm.a(mulsf3.o)
                              ./HAL/LCD16x2/LCD16x2.o (__mulsf3)
c:/avr-gcc-12.1.0-x64-windows/bin/../lib/gcc/avr/12.1.0/../../../../avr/lib/avr5\libm.a(mulsf3x.o)
                              c:/avr-gcc-12.1.0-x64-windows/bin/../lib/gcc/avr/12.1.0/../../../../avr/lib/avr5\libm.a(mulsf3.o) (__mulsf3x)

Memory Configuration

Name             Origin             Length             Attributes
text             0x0000000000000000 0x0000000000020000 xr
data             0x0000000000800060 0x000000000000ffa0 rw !x
eeprom           0x0000000000810000 0x0000000000010000 rw !x
fuse             0x0000000000820000 0x0000000000000002 rw !x
lock             0x0000000000830000 0x0000000000000400 rw !x
signature        0x0000000000840000 0x0000000000000400 rw !x
user_signatures  0x0000000000850000 0x0000000000000400 rw !x
*default*        0x0000000000000000 0xffffffffffffffff

Linker script and memory map

LOAD c:/avr-gcc-12.1.0-x64-windows/bin/../lib/gcc/avr/12.1.0/../../../../avr/lib/avr5/crtatmega16.o
LOAD ./MCAL/GPIO/GPIO.o
LOAD ./HAL/LCD16x2/LCD16x2.o
LOAD ./HAL/KEYPAD4x4/KEYPAD4x4.o
LOAD ./APP/main.o
START GROUP
LOAD c:/avr-gcc-12.1.0-x64-windows/bin/../lib/gcc/avr/12.1.0/avr5\libgcc.a
LOAD c:/avr-gcc-12.1.0-x64-windows/bin/../lib/gcc/avr/12.1.0/../../../../avr/lib/avr5\libm.a
LOAD c:/avr-gcc-12.1.0-x64-windows/bin/../lib/gcc/avr/12.1.0/../../../../avr/lib/avr5\libc.a
LOAD c:/avr-gcc-12.1.0-x64-windows/bin/../lib/gcc/avr/12.1.0/../../../../avr/lib/avr5\libatmega16.a
END GROUP
                0x0000000000020000                __TEXT_REGION_LENGTH__ = DEFINED (__TEXT_REGION_LENGTH__)?__TEXT_REGION_LENGTH__:0x20000
                0x000000000000ffa0                __DATA_REGION_LENGTH__ = DEFINED (__DATA_REGION_LENGTH__)?__DATA_REGION_LENGTH__:0xffa0
                0x0000000000010000                __EEPROM_REGION_LENGTH__ = DEFINED (__EEPROM_REGION_LENGTH__)?__EEPROM_REGION_LENGTH__:0x10000
                [0x0000000000000002]                __FUSE_REGION_LENGTH__ = DEFINED (__FUSE_REGION_LENGTH__)?__FUSE_REGION_LENGTH__:0x400
                0x0000000000000400                __LOCK_REGION_LENGTH__ = DEFINED (__LOCK_REGION_LENGTH__)?__LOCK_REGION_LENGTH__:0x400
                0x0000000000000400                __SIGNATURE_REGION_LENGTH__ = DEFINED (__SIGNATURE_REGION_LENGTH__)?__SIGNATURE_REGION_LENGTH__:0x400
                0x0000000000000400                __USER_SIGNATURE_REGION_LENGTH__ = DEFINED (__USER_SIGNATURE_REGION_LENGTH__)?__USER_SIGNATURE_REGION_LENGTH__:0x400

.hash
 *(.hash)

.dynsym
 *(.dynsym)

.dynstr
 *(.dynstr)

.gnu.version
 *(.gnu.version)

.gnu.version_d
 *(.gnu.version_d)

.gnu.version_r
 *(.gnu.version_r)

.rel.init
 *(.rel.init)

.rela.init
 *(.rela.init)

.rel.text
 *(.rel.text)
 *(.rel.text.*)
 *(.rel.gnu.linkonce.t*)

.rela.text
 *(.rela.text)
 *(.rela.text.*)
 *(.rela.gnu.linkonce.t*)

.rel.fini
 *(.rel.fini)

.rela.fini
 *(.rela.fini)

.rel.rodata
 *(.rel.rodata)
 *(.rel.rodata.*)
 *(.rel.gnu.linkonce.r*)

.rela.rodata
 *(.rela.rodata)
 *(.rela.rodata.*)
 *(.rela.gnu.linkonce.r*)

.rel.data
 *(.rel.data)
 *(.rel.data.*)
 *(.rel.gnu.linkonce.d*)

.rela.data
 *(.rela.data)
 *(.rela.data.*)
 *(.rela.gnu.linkonce.d*)

.rel.ctors
 *(.rel.ctors)

.rela.ctors
 *(.rela.ctors)

.rel.dtors
 *(.rel.dtors)

.rela.dtors
 *(.rela.dtors)

.rel.got
 *(.rel.got)

.rela.got
 *(.rela.got)

.rel.bss
 *(.rel.bss)

.rela.bss
 *(.rela.bss)

.rel.plt
 *(.rel.plt)

.rela.plt
 *(.rela.plt)

.text           0x0000000000000000     0x2c3e
 *(.vectors)
 .vectors       0x0000000000000000       0x54 c:/avr-gcc-12.1.0-x64-windows/bin/../lib/gcc/avr/12.1.0/../../../../avr/lib/avr5/crtatmega16.o
                0x0000000000000000                __vector_default
                0x0000000000000000                __vectors
 *(.vectors)
 *(.progmem.gcc*)
                0x0000000000000054                . = ALIGN (0x2)
                0x0000000000000054                __trampolines_start = .
 *(.trampolines)
 .trampolines   0x0000000000000054        0x0 linker stubs
 *(.trampolines*)
                0x0000000000000054                __trampolines_end = .
 *libprintf_flt.a:*(.progmem.data)
 *libc.a:*(.progmem.data)
 *(.progmem.*)
                0x0000000000000054                . = ALIGN (0x2)
 *(.lowtext)
 *(.lowtext*)
                0x0000000000000054                __ctors_start = .
 *(.ctors)
                0x0000000000000054                __ctors_end = .
                0x0000000000000054                __dtors_start = .
 *(.dtors)
                0x0000000000000054                __dtors_end = .
 SORT_BY_NAME(*)(.ctors)
 SORT_BY_NAME(*)(.dtors)
 *(.init0)
 .init0         0x0000000000000054        0x0 c:/avr-gcc-12.1.0-x64-windows/bin/../lib/gcc/avr/12.1.0/../../../../avr/lib/avr5/crtatmega16.o
                0x0000000000000054                __init
 *(.init0)
 *(.init1)
 *(.init1)
 *(.init2)
 .init2         0x0000000000000054        0xc c:/avr-gcc-12.1.0-x64-windows/bin/../lib/gcc/avr/12.1.0/../../../../avr/lib/avr5/crtatmega16.o
 *(.init2)
 *(.init3)
 *(.init3)
 *(.init4)
 .init4         0x0000000000000060       0x16 c:/avr-gcc-12.1.0-x64-windows/bin/../lib/gcc/avr/12.1.0/avr5\libgcc.a(_copy_data.o)
                0x0000000000000060                __do_copy_data
 .init4         0x0000000000000076       0x10 c:/avr-gcc-12.1.0-x64-windows/bin/../lib/gcc/avr/12.1.0/avr5\libgcc.a(_clear_bss.o)
                0x0000000000000076                __do_clear_bss
 *(.init4)
 *(.init5)
 *(.init5)
 *(.init6)
 *(.init6)
 *(.init7)
 *(.init7)
 *(.init8)
 *(.init8)
 *(.init9)
 .init9         0x0000000000000086        0x8 c:/avr-gcc-12.1.0-x64-windows/bin/../lib/gcc/avr/12.1.0/../../../../avr/lib/avr5/crtatmega16.o
 *(.init9)
 *(.text)
 .text          0x000000000000008e        0x4 c:/avr-gcc-12.1.0-x64-windows/bin/../lib/gcc/avr/12.1.0/../../../../avr/lib/avr5/crtatmega16.o
                0x000000000000008e                __vector_1
                0x000000000000008e                __vector_12
                0x000000000000008e                __bad_interrupt
                0x000000000000008e                __vector_6
                0x000000000000008e                __vector_3
                0x000000000000008e                __vector_11
                0x000000000000008e                __vector_13
                0x000000000000008e                __vector_17
                0x000000000000008e                __vector_19
                0x000000000000008e                __vector_7
                0x000000000000008e                __vector_5
                0x000000000000008e                __vector_4
                0x000000000000008e                __vector_9
                0x000000000000008e                __vector_2
                0x000000000000008e                __vector_15
                0x000000000000008e                __vector_8
                0x000000000000008e                __vector_14
                0x000000000000008e                __vector_10
                0x000000000000008e                __vector_16
                0x000000000000008e                __vector_18
                0x000000000000008e                __vector_20
 .text          0x0000000000000092        0x0 ./MCAL/GPIO/GPIO.o
 .text          0x0000000000000092        0x0 ./HAL/LCD16x2/LCD16x2.o
 .text          0x0000000000000092        0x0 ./HAL/KEYPAD4x4/KEYPAD4x4.o
 .text          0x0000000000000092        0x0 ./APP/main.o
 .text          0x0000000000000092        0x0 c:/avr-gcc-12.1.0-x64-windows/bin/../lib/gcc/avr/12.1.0/avr5\libgcc.a(_exit.o)
 .text          0x0000000000000092        0x0 c:/avr-gcc-12.1.0-x64-windows/bin/../lib/gcc/avr/12.1.0/avr5\libgcc.a(_copy_data.o)
 .text          0x0000000000000092        0x0 c:/avr-gcc-12.1.0-x64-windows/bin/../lib/gcc/avr/12.1.0/avr5\libgcc.a(_clear_bss.o)
 .text          0x0000000000000092        0x0 c:/avr-gcc-12.1.0-x64-windows/bin/../lib/gcc/avr/12.1.0/../../../../avr/lib/avr5\libm.a(cmpsf2.o)
 .text          0x0000000000000092        0x0 c:/avr-gcc-12.1.0-x64-windows/bin/../lib/gcc/avr/12.1.0/../../../../avr/lib/avr5\libm.a(divsf3.o)
 .text          0x0000000000000092        0x0 c:/avr-gcc-12.1.0-x64-windows/bin/../lib/gcc/avr/12.1.0/../../../../avr/lib/avr5\libm.a(divsf3x.o)
 .text          0x0000000000000092        0x0 c:/avr-gcc-12.1.0-x64-windows/bin/../lib/gcc/avr/12.1.0/../../../../avr/lib/avr5\libm.a(fixunssfsi.o)
 .text          0x0000000000000092        0x0 c:/avr-gcc-12.1.0-x64-windows/bin/../lib/gcc/avr/12.1.0/../../../../avr/lib/avr5\libm.a(fp_cmp.o)
 .text          0x0000000000000092        0x0 c:/avr-gcc-12.1.0-x64-windows/bin/../lib/gcc/avr/12.1.0/../../../../avr/lib/avr5\libm.a(fp_inf.o)
 .text          0x0000000000000092        0x0 c:/avr-gcc-12.1.0-x64-windows/bin/../lib/gcc/avr/12.1.0/../../../../avr/lib/avr5\libm.a(fp_nan.o)
 .text          0x0000000000000092        0x0 c:/avr-gcc-12.1.0-x64-windows/bin/../lib/gcc/avr/12.1.0/../../../../avr/lib/avr5\libm.a(fp_pscA.o)
 .text          0x0000000000000092        0x0 c:/avr-gcc-12.1.0-x64-windows/bin/../lib/gcc/avr/12.1.0/../../../../avr/lib/avr5\libm.a(fp_pscB.o)
 .text          0x0000000000000092        0x0 c:/avr-gcc-12.1.0-x64-windows/bin/../lib/gcc/avr/12.1.0/../../../../avr/lib/avr5\libm.a(fp_round.o)
 .text          0x0000000000000092        0x0 c:/avr-gcc-12.1.0-x64-windows/bin/../lib/gcc/avr/12.1.0/../../../../avr/lib/avr5\libm.a(fp_split3.o)
 .text          0x0000000000000092        0x0 c:/avr-gcc-12.1.0-x64-windows/bin/../lib/gcc/avr/12.1.0/../../../../avr/lib/avr5\libm.a(fp_zero.o)
 .text          0x0000000000000092        0x0 c:/avr-gcc-12.1.0-x64-windows/bin/../lib/gcc/avr/12.1.0/../../../../avr/lib/avr5\libm.a(gesf2.o)
 .text          0x0000000000000092        0x0 c:/avr-gcc-12.1.0-x64-windows/bin/../lib/gcc/avr/12.1.0/../../../../avr/lib/avr5\libm.a(mulsf3.o)
 .text          0x0000000000000092        0x0 c:/avr-gcc-12.1.0-x64-windows/bin/../lib/gcc/avr/12.1.0/../../../../avr/lib/avr5\libm.a(mulsf3x.o)
                0x0000000000000092                . = ALIGN (0x2)
 *(.text.*)
 .text.GPIO_SetPortDirection
                0x0000000000000092       0x78 ./MCAL/GPIO/GPIO.o
                0x0000000000000092                GPIO_SetPortDirection
 .text.GPIO_SetPortValue
                0x000000000000010a       0x78 ./MCAL/GPIO/GPIO.o
                0x000000000000010a                GPIO_SetPortValue
 .text.GPIO_GetPortValue
                0x0000000000000182       0x78 ./MCAL/GPIO/GPIO.o
                0x0000000000000182                GPIO_GetPortValue
 .text.GPIO_SetPinDirection
                0x00000000000001fa      0x1d6 ./MCAL/GPIO/GPIO.o
                0x00000000000001fa                GPIO_SetPinDirection
 .text.GPIO_SetPinValue
                0x00000000000003d0      0x1d6 ./MCAL/GPIO/GPIO.o
                0x00000000000003d0                GPIO_SetPinValue
 .text.GPIO_GetPinValue
                0x00000000000005a6       0xe4 ./MCAL/GPIO/GPIO.o
                0x00000000000005a6                GPIO_GetPinValue
 .text.GPIO_TogglePin
                0x000000000000068a       0xfe ./MCAL/GPIO/GPIO.o
                0x000000000000068a                GPIO_TogglePin
 .text.GPIO_SetPullUpOnPin
                0x0000000000000788       0x2e ./MCAL/GPIO/GPIO.o
                0x0000000000000788                GPIO_SetPullUpOnPin
 .text.LCD_Init
                0x00000000000007b6      0x2e0 ./HAL/LCD16x2/LCD16x2.o
                0x00000000000007b6                LCD_Init
 .text.LCD_SendCommand
                0x0000000000000a96      0xda0 ./HAL/LCD16x2/LCD16x2.o
                0x0000000000000a96                LCD_SendCommand
 .text.LCD_SendChar
                0x0000000000001836      0xda0 ./HAL/LCD16x2/LCD16x2.o
                0x0000000000001836                LCD_SendChar
 .text.LCD_SendString
                0x00000000000025d6       0x5a ./HAL/LCD16x2/LCD16x2.o
                0x00000000000025d6                LCD_SendString
 .text.LCD_GotoXy
                0x0000000000002630       0x76 ./HAL/LCD16x2/LCD16x2.o
                0x0000000000002630                LCD_GotoXy
 .text.KEYPAD_Init
                0x00000000000026a6       0x88 ./HAL/KEYPAD4x4/KEYPAD4x4.o
                0x00000000000026a6                KEYPAD_Init
 .text.KEYPAD_GetKey
                0x000000000000272e      0x1cc ./HAL/KEYPAD4x4/KEYPAD4x4.o
                0x000000000000272e                KEYPAD_GetKey
 .text.main     0x00000000000028fa       0x26 ./APP/main.o
                0x00000000000028fa                main
 .text.libgcc.mul
                0x0000000000002920        0x0 c:/avr-gcc-12.1.0-x64-windows/bin/../lib/gcc/avr/12.1.0/avr5\libgcc.a(_exit.o)
 .text.libgcc.div
                0x0000000000002920        0x0 c:/avr-gcc-12.1.0-x64-windows/bin/../lib/gcc/avr/12.1.0/avr5\libgcc.a(_exit.o)
 .text.libgcc   0x0000000000002920        0x0 c:/avr-gcc-12.1.0-x64-windows/bin/../lib/gcc/avr/12.1.0/avr5\libgcc.a(_exit.o)
 .text.libgcc.prologue
                0x0000000000002920        0x0 c:/avr-gcc-12.1.0-x64-windows/bin/../lib/gcc/avr/12.1.0/avr5\libgcc.a(_exit.o)
 .text.libgcc.builtins
                0x0000000000002920        0x0 c:/avr-gcc-12.1.0-x64-windows/bin/../lib/gcc/avr/12.1.0/avr5\libgcc.a(_exit.o)
 .text.libgcc.fmul
                0x0000000000002920        0x0 c:/avr-gcc-12.1.0-x64-windows/bin/../lib/gcc/avr/12.1.0/avr5\libgcc.a(_exit.o)
 .text.libgcc.fixed
                0x0000000000002920        0x0 c:/avr-gcc-12.1.0-x64-windows/bin/../lib/gcc/avr/12.1.0/avr5\libgcc.a(_exit.o)
 .text.libgcc.mul
                0x0000000000002920        0x0 c:/avr-gcc-12.1.0-x64-windows/bin/../lib/gcc/avr/12.1.0/avr5\libgcc.a(_copy_data.o)
 .text.libgcc.div
                0x0000000000002920        0x0 c:/avr-gcc-12.1.0-x64-windows/bin/../lib/gcc/avr/12.1.0/avr5\libgcc.a(_copy_data.o)
 .text.libgcc   0x0000000000002920        0x0 c:/avr-gcc-12.1.0-x64-windows/bin/../lib/gcc/avr/12.1.0/avr5\libgcc.a(_copy_data.o)
 .text.libgcc.prologue
                0x0000000000002920        0x0 c:/avr-gcc-12.1.0-x64-windows/bin/../lib/gcc/avr/12.1.0/avr5\libgcc.a(_copy_data.o)
 .text.libgcc.builtins
                0x0000000000002920        0x0 c:/avr-gcc-12.1.0-x64-windows/bin/../lib/gcc/avr/12.1.0/avr5\libgcc.a(_copy_data.o)
 .text.libgcc.fmul
                0x0000000000002920        0x0 c:/avr-gcc-12.1.0-x64-windows/bin/../lib/gcc/avr/12.1.0/avr5\libgcc.a(_copy_data.o)
 .text.libgcc.fixed
                0x0000000000002920        0x0 c:/avr-gcc-12.1.0-x64-windows/bin/../lib/gcc/avr/12.1.0/avr5\libgcc.a(_copy_data.o)
 .text.libgcc.mul
                0x0000000000002920        0x0 c:/avr-gcc-12.1.0-x64-windows/bin/../lib/gcc/avr/12.1.0/avr5\libgcc.a(_clear_bss.o)
 .text.libgcc.div
                0x0000000000002920        0x0 c:/avr-gcc-12.1.0-x64-windows/bin/../lib/gcc/avr/12.1.0/avr5\libgcc.a(_clear_bss.o)
 .text.libgcc   0x0000000000002920        0x0 c:/avr-gcc-12.1.0-x64-windows/bin/../lib/gcc/avr/12.1.0/avr5\libgcc.a(_clear_bss.o)
 .text.libgcc.prologue
                0x0000000000002920        0x0 c:/avr-gcc-12.1.0-x64-windows/bin/../lib/gcc/avr/12.1.0/avr5\libgcc.a(_clear_bss.o)
 .text.libgcc.builtins
                0x0000000000002920        0x0 c:/avr-gcc-12.1.0-x64-windows/bin/../lib/gcc/avr/12.1.0/avr5\libgcc.a(_clear_bss.o)
 .text.libgcc.fmul
                0x0000000000002920        0x0 c:/avr-gcc-12.1.0-x64-windows/bin/../lib/gcc/avr/12.1.0/avr5\libgcc.a(_clear_bss.o)
 .text.libgcc.fixed
                0x0000000000002920        0x0 c:/avr-gcc-12.1.0-x64-windows/bin/../lib/gcc/avr/12.1.0/avr5\libgcc.a(_clear_bss.o)
 .text.avr-libc.fplib
                0x0000000000002920        0xa c:/avr-gcc-12.1.0-x64-windows/bin/../lib/gcc/avr/12.1.0/../../../../avr/lib/avr5\libm.a(cmpsf2.o)
                0x0000000000002920                __nesf2
                0x0000000000002920                __eqsf2
                0x0000000000002920                __cmpsf2
                0x0000000000002920                __ltsf2
                0x0000000000002920                __lesf2
 .text.avr-libc.fplib
                0x000000000000292a        0x8 c:/avr-gcc-12.1.0-x64-windows/bin/../lib/gcc/avr/12.1.0/../../../../avr/lib/avr5\libm.a(divsf3.o)
                0x000000000000292a                __divsf3
 .text.avr-libc.fplib
                0x0000000000002932       0xdc c:/avr-gcc-12.1.0-x64-windows/bin/../lib/gcc/avr/12.1.0/../../../../avr/lib/avr5\libm.a(divsf3x.o)
                0x0000000000002952                __divsf3x
                0x0000000000002958                __divsf3_pse
 .text.avr-libc.fplib
                0x0000000000002a0e       0x5e c:/avr-gcc-12.1.0-x64-windows/bin/../lib/gcc/avr/12.1.0/../../../../avr/lib/avr5\libm.a(fixunssfsi.o)
                0x0000000000002a0e                __fixunssfsi
 .text.avr-libc.fplib
                0x0000000000002a6c       0x48 c:/avr-gcc-12.1.0-x64-windows/bin/../lib/gcc/avr/12.1.0/../../../../avr/lib/avr5\libm.a(fp_cmp.o)
                0x0000000000002a6c                __fp_cmp
 .text.avr-libc.fplib
                0x0000000000002ab4        0xc c:/avr-gcc-12.1.0-x64-windows/bin/../lib/gcc/avr/12.1.0/../../../../avr/lib/avr5\libm.a(fp_inf.o)
                0x0000000000002ab4                __fp_inf
 .text.avr-libc.fplib
                0x0000000000002ac0        0x6 c:/avr-gcc-12.1.0-x64-windows/bin/../lib/gcc/avr/12.1.0/../../../../avr/lib/avr5\libm.a(fp_nan.o)
                0x0000000000002ac0                __fp_nan
 .text.avr-libc.fplib
                0x0000000000002ac6        0xe c:/avr-gcc-12.1.0-x64-windows/bin/../lib/gcc/avr/12.1.0/../../../../avr/lib/avr5\libm.a(fp_pscA.o)
                0x0000000000002ac6                __fp_pscA
 .text.avr-libc.fplib
                0x0000000000002ad4        0xe c:/avr-gcc-12.1.0-x64-windows/bin/../lib/gcc/avr/12.1.0/../../../../avr/lib/avr5\libm.a(fp_pscB.o)
                0x0000000000002ad4                __fp_pscB
 .text.avr-libc.fplib
                0x0000000000002ae2       0x22 c:/avr-gcc-12.1.0-x64-windows/bin/../lib/gcc/avr/12.1.0/../../../../avr/lib/avr5\libm.a(fp_round.o)
                0x0000000000002ae2                __fp_round
 .text.avr-libc.fplib
                0x0000000000002b04       0x44 c:/avr-gcc-12.1.0-x64-windows/bin/../lib/gcc/avr/12.1.0/../../../../avr/lib/avr5\libm.a(fp_split3.o)
                0x0000000000002b04                __fp_split3
                0x0000000000002b14                __fp_splitA
 .text.avr-libc.fplib
                0x0000000000002b48        0xe c:/avr-gcc-12.1.0-x64-windows/bin/../lib/gcc/avr/12.1.0/../../../../avr/lib/avr5\libm.a(fp_zero.o)
                0x0000000000002b48                __fp_zero
                0x0000000000002b4a                __fp_szero
 .text.avr-libc.fplib
                0x0000000000002b56        0xa c:/avr-gcc-12.1.0-x64-windows/bin/../lib/gcc/avr/12.1.0/../../../../avr/lib/avr5\libm.a(gesf2.o)
                0x0000000000002b56                __gesf2
                0x0000000000002b56                __gtsf2
 .text.avr-libc.fplib
                0x0000000000002b60        0x8 c:/avr-gcc-12.1.0-x64-windows/bin/../lib/gcc/avr/12.1.0/../../../../avr/lib/avr5\libm.a(mulsf3.o)
                0x0000000000002b60                __mulsf3
 .text.avr-libc.fplib
                0x0000000000002b68       0xd2 c:/avr-gcc-12.1.0-x64-windows/bin/../lib/gcc/avr/12.1.0/../../../../avr/lib/avr5\libm.a(mulsf3x.o)
                0x0000000000002b86                __mulsf3x
                0x0000000000002b8c                __mulsf3_pse
                0x0000000000002c3a                . = ALIGN (0x2)
 *(.fini9)
 .fini9         0x0000000000002c3a        0x0 c:/avr-gcc-12.1.0-x64-windows/bin/../lib/gcc/avr/12.1.0/avr5\libgcc.a(_exit.o)
                0x0000000000002c3a                _exit
                0x0000000000002c3a                exit
 *(.fini9)
 *(.fini8)
 *(.fini8)
 *(.fini7)
 *(.fini7)
 *(.fini6)
 *(.fini6)
 *(.fini5)
 *(.fini5)
 *(.fini4)
 *(.fini4)
 *(.fini3)
 *(.fini3)
 *(.fini2)
 *(.fini2)
 *(.fini1)
 *(.fini1)
 *(.fini0)
 .fini0         0x0000000000002c3a        0x4 c:/avr-gcc-12.1.0-x64-windows/bin/../lib/gcc/avr/12.1.0/avr5\libgcc.a(_exit.o)
 *(.fini0)
 *(.hightext)
 *(.hightext*)
 *(.progmemx.*)
                0x0000000000002c3e                . = ALIGN (0x2)
 *(.jumptables)
 *(.jumptables*)
                0x0000000000002c3e                _etext = .

.data           0x0000000000800060       0x14 load address 0x0000000000002c3e
                0x0000000000800060                PROVIDE (__data_start = .)
 *(.data)
 .data          0x0000000000800060        0x0 c:/avr-gcc-12.1.0-x64-windows/bin/../lib/gcc/avr/12.1.0/../../../../avr/lib/avr5/crtatmega16.o
 .data          0x0000000000800060        0x0 ./MCAL/GPIO/GPIO.o
 .data          0x0000000000800060        0x0 ./HAL/LCD16x2/LCD16x2.o
 .data          0x0000000000800060        0x0 ./HAL/KEYPAD4x4/KEYPAD4x4.o
 .data          0x0000000000800060        0x0 ./APP/main.o
 .data          0x0000000000800060        0x0 c:/avr-gcc-12.1.0-x64-windows/bin/../lib/gcc/avr/12.1.0/avr5\libgcc.a(_exit.o)
 .data          0x0000000000800060        0x0 c:/avr-gcc-12.1.0-x64-windows/bin/../lib/gcc/avr/12.1.0/avr5\libgcc.a(_copy_data.o)
 .data          0x0000000000800060        0x0 c:/avr-gcc-12.1.0-x64-windows/bin/../lib/gcc/avr/12.1.0/avr5\libgcc.a(_clear_bss.o)
 .data          0x0000000000800060        0x0 c:/avr-gcc-12.1.0-x64-windows/bin/../lib/gcc/avr/12.1.0/../../../../avr/lib/avr5\libm.a(cmpsf2.o)
 .data          0x0000000000800060        0x0 c:/avr-gcc-12.1.0-x64-windows/bin/../lib/gcc/avr/12.1.0/../../../../avr/lib/avr5\libm.a(divsf3.o)
 .data          0x0000000000800060        0x0 c:/avr-gcc-12.1.0-x64-windows/bin/../lib/gcc/avr/12.1.0/../../../../avr/lib/avr5\libm.a(divsf3x.o)
 .data          0x0000000000800060        0x0 c:/avr-gcc-12.1.0-x64-windows/bin/../lib/gcc/avr/12.1.0/../../../../avr/lib/avr5\libm.a(fixunssfsi.o)
 .data          0x0000000000800060        0x0 c:/avr-gcc-12.1.0-x64-windows/bin/../lib/gcc/avr/12.1.0/../../../../avr/lib/avr5\libm.a(fp_cmp.o)
 .data          0x0000000000800060        0x0 c:/avr-gcc-12.1.0-x64-windows/bin/../lib/gcc/avr/12.1.0/../../../../avr/lib/avr5\libm.a(fp_inf.o)
 .data          0x0000000000800060        0x0 c:/avr-gcc-12.1.0-x64-windows/bin/../lib/gcc/avr/12.1.0/../../../../avr/lib/avr5\libm.a(fp_nan.o)
 .data          0x0000000000800060        0x0 c:/avr-gcc-12.1.0-x64-windows/bin/../lib/gcc/avr/12.1.0/../../../../avr/lib/avr5\libm.a(fp_pscA.o)
 .data          0x0000000000800060        0x0 c:/avr-gcc-12.1.0-x64-windows/bin/../lib/gcc/avr/12.1.0/../../../../avr/lib/avr5\libm.a(fp_pscB.o)
 .data          0x0000000000800060        0x0 c:/avr-gcc-12.1.0-x64-windows/bin/../lib/gcc/avr/12.1.0/../../../../avr/lib/avr5\libm.a(fp_round.o)
 .data          0x0000000000800060        0x0 c:/avr-gcc-12.1.0-x64-windows/bin/../lib/gcc/avr/12.1.0/../../../../avr/lib/avr5\libm.a(fp_split3.o)
 .data          0x0000000000800060        0x0 c:/avr-gcc-12.1.0-x64-windows/bin/../lib/gcc/avr/12.1.0/../../../../avr/lib/avr5\libm.a(fp_zero.o)
 .data          0x0000000000800060        0x0 c:/avr-gcc-12.1.0-x64-windows/bin/../lib/gcc/avr/12.1.0/../../../../avr/lib/avr5\libm.a(gesf2.o)
 .data          0x0000000000800060        0x0 c:/avr-gcc-12.1.0-x64-windows/bin/../lib/gcc/avr/12.1.0/../../../../avr/lib/avr5\libm.a(mulsf3.o)
 .data          0x0000000000800060        0x0 c:/avr-gcc-12.1.0-x64-windows/bin/../lib/gcc/avr/12.1.0/../../../../avr/lib/avr5\libm.a(mulsf3x.o)
 *(.data*)
 .data.values.2
                0x0000000000800060        0x4 ./HAL/KEYPAD4x4/KEYPAD4x4.o
 .data.keys.0   0x0000000000800064       0x10 ./HAL/KEYPAD4x4/KEYPAD4x4.o
 *(.gnu.linkonce.d*)
 *(.rodata)
 *(.rodata*)
 *(.gnu.linkonce.r*)
                0x0000000000800074                . = ALIGN (0x2)
                0x0000000000800074                _edata = .
                0x0000000000800074                PROVIDE (__data_end = .)

.bss            0x0000000000800074        0x2
                0x0000000000800074                PROVIDE (__bss_start = .)
 *(.bss)
 .bss           0x0000000000800074        0x0 c:/avr-gcc-12.1.0-x64-windows/bin/../lib/gcc/avr/12.1.0/../../../../avr/lib/avr5/crtatmega16.o
 .bss           0x0000000000800074        0x0 ./MCAL/GPIO/GPIO.o
 .bss           0x0000000000800074        0x0 ./HAL/LCD16x2/LCD16x2.o
 .bss           0x0000000000800074        0x0 ./HAL/KEYPAD4x4/KEYPAD4x4.o
 .bss           0x0000000000800074        0x0 ./APP/main.o
 .bss           0x0000000000800074        0x0 c:/avr-gcc-12.1.0-x64-windows/bin/../lib/gcc/avr/12.1.0/avr5\libgcc.a(_exit.o)
 .bss           0x0000000000800074        0x0 c:/avr-gcc-12.1.0-x64-windows/bin/../lib/gcc/avr/12.1.0/avr5\libgcc.a(_copy_data.o)
 .bss           0x0000000000800074        0x0 c:/avr-gcc-12.1.0-x64-windows/bin/../lib/gcc/avr/12.1.0/avr5\libgcc.a(_clear_bss.o)
 .bss           0x0000000000800074        0x0 c:/avr-gcc-12.1.0-x64-windows/bin/../lib/gcc/avr/12.1.0/../../../../avr/lib/avr5\libm.a(cmpsf2.o)
 .bss           0x0000000000800074        0x0 c:/avr-gcc-12.1.0-x64-windows/bin/../lib/gcc/avr/12.1.0/../../../../avr/lib/avr5\libm.a(divsf3.o)
 .bss           0x0000000000800074        0x0 c:/avr-gcc-12.1.0-x64-windows/bin/../lib/gcc/avr/12.1.0/../../../../avr/lib/avr5\libm.a(divsf3x.o)
 .bss           0x0000000000800074        0x0 c:/avr-gcc-12.1.0-x64-windows/bin/../lib/gcc/avr/12.1.0/../../../../avr/lib/avr5\libm.a(fixunssfsi.o)
 .bss           0x0000000000800074        0x0 c:/avr-gcc-12.1.0-x64-windows/bin/../lib/gcc/avr/12.1.0/../../../../avr/lib/avr5\libm.a(fp_cmp.o)
 .bss           0x0000000000800074        0x0 c:/avr-gcc-12.1.0-x64-windows/bin/../lib/gcc/avr/12.1.0/../../../../avr/lib/avr5\libm.a(fp_inf.o)
 .bss           0x0000000000800074        0x0 c:/avr-gcc-12.1.0-x64-windows/bin/../lib/gcc/avr/12.1.0/../../../../avr/lib/avr5\libm.a(fp_nan.o)
 .bss           0x0000000000800074        0x0 c:/avr-gcc-12.1.0-x64-windows/bin/../lib/gcc/avr/12.1.0/../../../../avr/lib/avr5\libm.a(fp_pscA.o)
 .bss           0x0000000000800074        0x0 c:/avr-gcc-12.1.0-x64-windows/bin/../lib/gcc/avr/12.1.0/../../../../avr/lib/avr5\libm.a(fp_pscB.o)
 .bss           0x0000000000800074        0x0 c:/avr-gcc-12.1.0-x64-windows/bin/../lib/gcc/avr/12.1.0/../../../../avr/lib/avr5\libm.a(fp_round.o)
 .bss           0x0000000000800074        0x0 c:/avr-gcc-12.1.0-x64-windows/bin/../lib/gcc/avr/12.1.0/../../../../avr/lib/avr5\libm.a(fp_split3.o)
 .bss           0x0000000000800074        0x0 c:/avr-gcc-12.1.0-x64-windows/bin/../lib/gcc/avr/12.1.0/../../../../avr/lib/avr5\libm.a(fp_zero.o)
 .bss           0x0000000000800074        0x0 c:/avr-gcc-12.1.0-x64-windows/bin/../lib/gcc/avr/12.1.0/../../../../avr/lib/avr5\libm.a(gesf2.o)
 .bss           0x0000000000800074        0x0 c:/avr-gcc-12.1.0-x64-windows/bin/../lib/gcc/avr/12.1.0/../../../../avr/lib/avr5\libm.a(mulsf3.o)
 .bss           0x0000000000800074        0x0 c:/avr-gcc-12.1.0-x64-windows/bin/../lib/gcc/avr/12.1.0/../../../../avr/lib/avr5\libm.a(mulsf3x.o)
 *(.bss*)
 .bss.i.3       0x0000000000800074        0x1 ./HAL/KEYPAD4x4/KEYPAD4x4.o
 .bss.value.1   0x0000000000800075        0x1 ./HAL/KEYPAD4x4/KEYPAD4x4.o
 *(COMMON)
                0x0000000000800076                PROVIDE (__bss_end = .)
                0x0000000000002c3e                __data_load_start = LOADADDR (.data)
                0x0000000000002c52                __data_load_end = (__data_load_start + SIZEOF (.data))

.noinit         0x0000000000800076        0x0
                [!provide]                        PROVIDE (__noinit_start = .)
 *(.noinit .noinit.* .gnu.linkonce.n.*)
                [!provide]                        PROVIDE (__noinit_end = .)
                0x0000000000800076                _end = .
                [!provide]                        PROVIDE (__heap_start = .)

.eeprom         0x0000000000810000        0x0
 *(.eeprom*)
                0x0000000000810000                __eeprom_end = .

.fuse
 *(.fuse)
 *(.lfuse)
 *(.hfuse)
 *(.efuse)

.lock
 *(.lock*)

.signature
 *(.signature*)

.stab           0x0000000000000000     0x1fb0
 *(.stab)
 .stab          0x0000000000000000      0x7e0 ./MCAL/GPIO/GPIO.o
 .stab          0x00000000000007e0     0x1338 ./HAL/LCD16x2/LCD16x2.o
                                       0x1344 (size before relaxing)
 .stab          0x0000000000001b18      0x3cc ./HAL/KEYPAD4x4/KEYPAD4x4.o
                                        0x3d8 (size before relaxing)
 .stab          0x0000000000001ee4       0xcc ./APP/main.o
                                         0xd8 (size before relaxing)

.stabstr        0x0000000000000000      0x461
 *(.stabstr)
 .stabstr       0x0000000000000000      0x461 ./MCAL/GPIO/GPIO.o

.stab.excl
 *(.stab.excl)

.stab.exclstr
 *(.stab.exclstr)

.stab.index
 *(.stab.index)

.stab.indexstr
 *(.stab.indexstr)

.comment        0x0000000000000000       0x12
 *(.comment)
 .comment       0x0000000000000000       0x12 ./MCAL/GPIO/GPIO.o
                                         0x13 (size before relaxing)
 .comment       0x0000000000000012       0x13 ./HAL/LCD16x2/LCD16x2.o
 .comment       0x0000000000000012       0x13 ./HAL/KEYPAD4x4/KEYPAD4x4.o
 .comment       0x0000000000000012       0x13 ./APP/main.o

.note.gnu.avr.deviceinfo
                0x0000000000000000       0x3c
 .note.gnu.avr.deviceinfo
                0x0000000000000000       0x3c c:/avr-gcc-12.1.0-x64-windows/bin/../lib/gcc/avr/12.1.0/../../../../avr/lib/avr5/crtatmega16.o

.note.gnu.build-id
 *(.note.gnu.build-id)

.debug
 *(.debug)

.line
 *(.line)

.debug_srcinfo
 *(.debug_srcinfo)

.debug_sfnames
 *(.debug_sfnames)

.debug_aranges  0x0000000000000000       0x60
 *(.debug_aranges)
 .debug_aranges
                0x0000000000000000       0x20 c:/avr-gcc-12.1.0-x64-windows/bin/../lib/gcc/avr/12.1.0/avr5\libgcc.a(_exit.o)
 .debug_aranges
                0x0000000000000020       0x20 c:/avr-gcc-12.1.0-x64-windows/bin/../lib/gcc/avr/12.1.0/avr5\libgcc.a(_copy_data.o)
 .debug_aranges
                0x0000000000000040       0x20 c:/avr-gcc-12.1.0-x64-windows/bin/../lib/gcc/avr/12.1.0/avr5\libgcc.a(_clear_bss.o)

.debug_pubnames
 *(.debug_pubnames)

.debug_info     0x0000000000000000      0x59a
 *(.debug_info .gnu.linkonce.wi.*)
 .debug_info    0x0000000000000000      0x52e c:/avr-gcc-12.1.0-x64-windows/bin/../lib/gcc/avr/12.1.0/../../../../avr/lib/avr5/crtatmega16.o
 .debug_info    0x000000000000052e       0x24 c:/avr-gcc-12.1.0-x64-windows/bin/../lib/gcc/avr/12.1.0/avr5\libgcc.a(_exit.o)
 .debug_info    0x0000000000000552       0x24 c:/avr-gcc-12.1.0-x64-windows/bin/../lib/gcc/avr/12.1.0/avr5\libgcc.a(_copy_data.o)
 .debug_info    0x0000000000000576       0x24 c:/avr-gcc-12.1.0-x64-windows/bin/../lib/gcc/avr/12.1.0/avr5\libgcc.a(_clear_bss.o)

.debug_abbrev   0x0000000000000000      0x523
 *(.debug_abbrev)
 .debug_abbrev  0x0000000000000000      0x4e7 c:/avr-gcc-12.1.0-x64-windows/bin/../lib/gcc/avr/12.1.0/../../../../avr/lib/avr5/crtatmega16.o
 .debug_abbrev  0x00000000000004e7       0x14 c:/avr-gcc-12.1.0-x64-windows/bin/../lib/gcc/avr/12.1.0/avr5\libgcc.a(_exit.o)
 .debug_abbrev  0x00000000000004fb       0x14 c:/avr-gcc-12.1.0-x64-windows/bin/../lib/gcc/avr/12.1.0/avr5\libgcc.a(_copy_data.o)
 .debug_abbrev  0x000000000000050f       0x14 c:/avr-gcc-12.1.0-x64-windows/bin/../lib/gcc/avr/12.1.0/avr5\libgcc.a(_clear_bss.o)

.debug_line     0x0000000000000000      0x16a
 *(.debug_line .debug_line.* .debug_line_end)
 .debug_line    0x0000000000000000       0x1d c:/avr-gcc-12.1.0-x64-windows/bin/../lib/gcc/avr/12.1.0/../../../../avr/lib/avr5/crtatmega16.o
 .debug_line    0x000000000000001d       0x51 c:/avr-gcc-12.1.0-x64-windows/bin/../lib/gcc/avr/12.1.0/avr5\libgcc.a(_exit.o)
 .debug_line    0x000000000000006e       0x87 c:/avr-gcc-12.1.0-x64-windows/bin/../lib/gcc/avr/12.1.0/avr5\libgcc.a(_copy_data.o)
 .debug_line    0x00000000000000f5       0x75 c:/avr-gcc-12.1.0-x64-windows/bin/../lib/gcc/avr/12.1.0/avr5\libgcc.a(_clear_bss.o)

.debug_frame
 *(.debug_frame)

.debug_str      0x0000000000000000      0x211
 *(.debug_str)
 .debug_str     0x0000000000000000      0x1b2 c:/avr-gcc-12.1.0-x64-windows/bin/../lib/gcc/avr/12.1.0/../../../../avr/lib/avr5/crtatmega16.o
 .debug_str     0x00000000000001b2       0x5f c:/avr-gcc-12.1.0-x64-windows/bin/../lib/gcc/avr/12.1.0/avr5\libgcc.a(_exit.o)
 .debug_str     0x0000000000000211       0x5f c:/avr-gcc-12.1.0-x64-windows/bin/../lib/gcc/avr/12.1.0/avr5\libgcc.a(_copy_data.o)
 .debug_str     0x0000000000000211       0x5f c:/avr-gcc-12.1.0-x64-windows/bin/../lib/gcc/avr/12.1.0/avr5\libgcc.a(_clear_bss.o)

.debug_loc
 *(.debug_loc)

.debug_macinfo
 *(.debug_macinfo)

.debug_weaknames
 *(.debug_weaknames)

.debug_funcnames
 *(.debug_funcnames)

.debug_typenames
 *(.debug_typenames)

.debug_varnames
 *(.debug_varnames)

.debug_pubtypes
 *(.debug_pubtypes)

.debug_ranges
 *(.debug_ranges)

.debug_addr
 *(.debug_addr)

.debug_line_str
                0x0000000000000000       0x53
 *(.debug_line_str)
 .debug_line_str
                0x0000000000000000       0x53 c:/avr-gcc-12.1.0-x64-windows/bin/../lib/gcc/avr/12.1.0/avr5\libgcc.a(_exit.o)
                                         0x5f (size before relaxing)
 .debug_line_str
                0x0000000000000053       0x5f c:/avr-gcc-12.1.0-x64-windows/bin/../lib/gcc/avr/12.1.0/avr5\libgcc.a(_copy_data.o)
 .debug_line_str
                0x0000000000000053       0x5f c:/avr-gcc-12.1.0-x64-windows/bin/../lib/gcc/avr/12.1.0/avr5\libgcc.a(_clear_bss.o)

.debug_loclists
 *(.debug_loclists)

.debug_macro
 *(.debug_macro)

.debug_names
 *(.debug_names)

.debug_rnglists
 *(.debug_rnglists)

.debug_str_offsets
 *(.debug_str_offsets)

.debug_sup
 *(.debug_sup)
OUTPUT(ATmega32_DRIVERS.elf elf32-avr)
LOAD linker stubs
